2025-03-10 11:56:43,782 :: discord.client :: INFO :: logging in using static token
2025-03-10 11:56:44,208 :: discord.gateway :: INFO :: Shard ID None has sent the IDENTIFY payload.
2025-03-10 11:56:44,521 :: discord.gateway :: INFO :: Shard ID None has connected to Gateway: ["gateway-prd-us-east1-d-9zlt",{"micros":267990,"calls":["id_created",{"micros":951,"calls":[]},"session_lookup_time",{"micros":4098,"calls":[]},"session_lookup_finished",{"micros":25,"calls":[]},"discord-sessions-prd-1-81",{"micros":262643,"calls":["start_session",{"micros":240430,"calls":["discord-api-rpc-7f6c7cdc79-tj528",{"micros":233398,"calls":["get_user",{"micros":50232},"get_guilds",{"micros":6644},"send_scheduled_deletion_message",{"micros":7},"guild_join_requests",{"micros":604},"authorized_ip_coro",{"micros":9},"pending_payments",{"micros":553}]}]},"starting_guild_connect",{"micros":44,"calls":[]},"presence_started",{"micros":288,"calls":[]},"guilds_started",{"micros":79,"calls":[]},"lobbies_started",{"micros":1,"calls":[]},"guilds_connect",{"micros":61,"calls":[]},"presence_connect",{"micros":21719,"calls":[]},"connect_finished",{"micros":21785,"calls":[]},"build_ready",{"micros":13,"calls":[]},"clean_ready",{"micros":1,"calls":[]},"optimize_ready",{"micros":0,"calls":[]},"split_ready",{"micros":1,"calls":[]}]}]}] (Session ID: 009a019b712970469c21d28968a3d332).
2025-03-10 12:12:30,537 :: discord.client :: INFO :: Got a request to RESUME the websocket.
2025-03-10 12:12:30,867 :: discord.gateway :: INFO :: Shard ID None has sent the RESUME payload.
2025-03-10 12:12:30,914 :: discord.gateway :: INFO :: Shard ID None has successfully RESUMED session 009a019b712970469c21d28968a3d332 under trace ["gateway-prd-us-east1-c-scrz",{"micros":630,"calls":["id_created",{"micros":0,"calls":[]},"session_lookup_time",{"micros":360,"calls":[]},"session_lookup_finished",{"micros":14,"calls":[]},"discord-sessions-prd-1-81",{"micros":22}]}].
2025-03-10 12:27:49,280 :: discord.gateway :: INFO :: Websocket closed with 1006, attempting a reconnect.
2025-03-10 12:27:49,280 :: discord.client :: INFO :: Got a request to RESUME the websocket.
2025-03-10 12:27:49,583 :: discord.gateway :: INFO :: Shard ID None has sent the RESUME payload.
2025-03-10 12:27:49,629 :: discord.gateway :: INFO :: Shard ID None has successfully RESUMED session 009a019b712970469c21d28968a3d332 under trace ["gateway-prd-us-east1-c-tfkz",{"micros":700,"calls":["id_created",{"micros":0,"calls":[]},"session_lookup_time",{"micros":368,"calls":[]},"session_lookup_finished",{"micros":15,"calls":[]},"discord-sessions-prd-1-81",{"micros":25}]}].
2025-03-10 12:30:10,249 :: discord.client :: INFO :: Received signal to terminate bot and event loop.
2025-03-10 12:30:10,249 :: discord.client :: INFO :: Cleaning up tasks.
2025-03-10 12:30:10,249 :: discord.client :: INFO :: Cleaning up after 3 tasks.
2025-03-10 12:30:10,249 :: discord.client :: INFO :: All tasks finished cancelling.
2025-03-10 12:30:10,249 :: discord.client :: INFO :: Closing the event loop.
2025-03-10 12:47:08,979 :: discord.client :: WARNING :: PyNaCl is not installed, voice will NOT be supported
2025-03-10 12:47:08,987 :: discord.client :: INFO :: logging in using static token
2025-03-10 12:47:09,384 :: discord.gateway :: INFO :: Shard ID None has sent the IDENTIFY payload.
2025-03-10 12:47:09,527 :: discord.gateway :: INFO :: Shard ID None has connected to Gateway: ["gateway-prd-us-east1-c-nbks",{"micros":100113,"calls":["id_created",{"micros":1193,"calls":[]},"session_lookup_time",{"micros":3432,"calls":[]},"session_lookup_finished",{"micros":18,"calls":[]},"discord-sessions-prd-1-8",{"micros":95006,"calls":["start_session",{"micros":83224,"calls":["discord-api-rpc-7f6c7cdc79-dz88g",{"micros":73248,"calls":["get_user",{"micros":13462},"get_guilds",{"micros":3718},"send_scheduled_deletion_message",{"micros":6},"guild_join_requests",{"micros":1976},"authorized_ip_coro",{"micros":7},"pending_payments",{"micros":365}]}]},"starting_guild_connect",{"micros":41,"calls":[]},"presence_started",{"micros":4307,"calls":[]},"guilds_started",{"micros":132,"calls":[]},"lobbies_started",{"micros":1,"calls":[]},"guilds_connect",{"micros":2,"calls":[]},"presence_connect",{"micros":7270,"calls":[]},"connect_finished",{"micros":7278,"calls":[]},"build_ready",{"micros":19,"calls":[]},"clean_ready",{"micros":1,"calls":[]},"optimize_ready",{"micros":0,"calls":[]},"split_ready",{"micros":1,"calls":[]}]}]}] (Session ID: d13bb86cb0155e9dec763072e7292542).
2025-03-10 12:48:34,395 :: discord.client :: INFO :: Received signal to terminate bot and event loop.
2025-03-10 12:48:34,396 :: discord.client :: INFO :: Cleaning up tasks.
2025-03-10 12:48:34,396 :: discord.client :: INFO :: Cleaning up after 2 tasks.
2025-03-10 12:48:34,398 :: discord.client :: INFO :: All tasks finished cancelling.
2025-03-10 12:48:34,398 :: discord.client :: INFO :: Closing the event loop.
2025-03-10 12:48:51,305 :: discord.client :: WARNING :: PyNaCl is not installed, voice will NOT be supported
2025-03-10 12:48:51,316 :: discord.client :: INFO :: logging in using static token
2025-03-10 12:48:51,677 :: discord.gateway :: INFO :: Shard ID None has sent the IDENTIFY payload.
2025-03-10 12:48:51,805 :: discord.gateway :: INFO :: Shard ID None has connected to Gateway: ["gateway-prd-us-east1-b-8spr",{"micros":87460,"calls":["id_created",{"micros":925,"calls":[]},"session_lookup_time",{"micros":545,"calls":[]},"session_lookup_finished",{"micros":13,"calls":[]},"discord-sessions-prd-1-61",{"micros":84320,"calls":["start_session",{"micros":49080,"calls":["discord-api-rpc-7f6c7cdc79-hv7vw",{"micros":43149,"calls":["get_user",{"micros":4880},"get_guilds",{"micros":5007},"send_scheduled_deletion_message",{"micros":6},"guild_join_requests",{"micros":343},"authorized_ip_coro",{"micros":7},"pending_payments",{"micros":1163}]}]},"starting_guild_connect",{"micros":42,"calls":[]},"presence_started",{"micros":3536,"calls":[]},"guilds_started",{"micros":144,"calls":[]},"lobbies_started",{"micros":1,"calls":[]},"guilds_connect",{"micros":1,"calls":[]},"presence_connect",{"micros":31488,"calls":[]},"connect_finished",{"micros":31494,"calls":[]},"build_ready",{"micros":20,"calls":[]},"clean_ready",{"micros":0,"calls":[]},"optimize_ready",{"micros":1,"calls":[]},"split_ready",{"micros":0,"calls":[]}]}]}] (Session ID: b388792fd435301a3e1ae64ac5be42c4).
2025-03-10 12:49:34,980 :: discord.client :: INFO :: Received signal to terminate bot and event loop.
2025-03-10 12:49:34,981 :: discord.client :: INFO :: Cleaning up tasks.
2025-03-10 12:49:34,981 :: discord.client :: INFO :: Cleaning up after 3 tasks.
2025-03-10 12:49:34,983 :: discord.client :: INFO :: All tasks finished cancelling.
2025-03-10 12:49:34,984 :: discord.client :: INFO :: Closing the event loop.
2025-03-10 12:50:01,584 :: discord.client :: WARNING :: PyNaCl is not installed, voice will NOT be supported
2025-03-10 12:50:01,589 :: discord.client :: INFO :: logging in using static token
2025-03-10 12:50:01,961 :: discord.gateway :: INFO :: Shard ID None has sent the IDENTIFY payload.
2025-03-10 12:50:02,172 :: discord.gateway :: INFO :: Shard ID None has connected to Gateway: ["gateway-prd-us-east1-d-0909",{"micros":168170,"calls":["id_created",{"micros":713,"calls":[]},"session_lookup_time",{"micros":809,"calls":[]},"session_lookup_finished",{"micros":12,"calls":[]},"discord-sessions-prd-1-21",{"micros":166392,"calls":["start_session",{"micros":136634,"calls":["discord-api-rpc-7f6c7cdc79-dbdf4",{"micros":124038,"calls":["get_user",{"micros":42751},"get_guilds",{"micros":29579},"send_scheduled_deletion_message",{"micros":4},"guild_join_requests",{"micros":1},"authorized_ip_coro",{"micros":6},"pending_payments",{"micros":3876}]}]},"starting_guild_connect",{"micros":35,"calls":[]},"presence_started",{"micros":294,"calls":[]},"guilds_started",{"micros":134,"calls":[]},"lobbies_started",{"micros":1,"calls":[]},"guilds_connect",{"micros":1,"calls":[]},"presence_connect",{"micros":29267,"calls":[]},"connect_finished",{"micros":29272,"calls":[]},"build_ready",{"micros":19,"calls":[]},"clean_ready",{"micros":0,"calls":[]},"optimize_ready",{"micros":1,"calls":[]},"split_ready",{"micros":0,"calls":[]}]}]}] (Session ID: e2afba8e4e76aebf70aa4427c3493b35).
2025-03-10 12:50:36,736 :: discord.client :: INFO :: Received signal to terminate bot and event loop.
2025-03-10 12:50:36,736 :: discord.client :: INFO :: Cleaning up tasks.
2025-03-10 12:50:36,737 :: discord.client :: INFO :: Cleaning up after 2 tasks.
2025-03-10 12:50:36,739 :: discord.client :: INFO :: All tasks finished cancelling.
2025-03-10 12:50:36,740 :: discord.client :: INFO :: Closing the event loop.
2025-03-10 12:52:05,262 :: discord.client :: WARNING :: PyNaCl is not installed, voice will NOT be supported
2025-03-10 12:52:05,273 :: discord.client :: INFO :: logging in using static token
2025-03-10 12:52:05,703 :: discord.gateway :: INFO :: Shard ID None has sent the IDENTIFY payload.
2025-03-10 12:52:05,812 :: discord.gateway :: INFO :: Shard ID None has connected to Gateway: ["gateway-prd-us-east1-b-6ssm",{"micros":51709,"calls":["id_created",{"micros":1063,"calls":[]},"session_lookup_time",{"micros":1735,"calls":[]},"session_lookup_finished",{"micros":20,"calls":[]},"discord-sessions-prd-1-163",{"micros":48406,"calls":["start_session",{"micros":37854,"calls":["discord-api-rpc-7f6c7cdc79-xjp5t",{"micros":33604,"calls":["get_user",{"micros":4377},"get_guilds",{"micros":3120},"send_scheduled_deletion_message",{"micros":7},"guild_join_requests",{"micros":665},"authorized_ip_coro",{"micros":6},"pending_payments",{"micros":303}]}]},"starting_guild_connect",{"micros":38,"calls":[]},"presence_started",{"micros":282,"calls":[]},"guilds_started",{"micros":112,"calls":[]},"lobbies_started",{"micros":2,"calls":[]},"guilds_connect",{"micros":2,"calls":[]},"presence_connect",{"micros":10087,"calls":[]},"connect_finished",{"micros":10092,"calls":[]},"build_ready",{"micros":22,"calls":[]},"clean_ready",{"micros":0,"calls":[]},"optimize_ready",{"micros":1,"calls":[]},"split_ready",{"micros":1,"calls":[]}]}]}] (Session ID: f2d2d891b994dbb8ef87583a51149e60).
2025-03-10 12:52:43,293 :: discord.client :: INFO :: Received signal to terminate bot and event loop.
2025-03-10 12:52:43,293 :: discord.client :: INFO :: Cleaning up tasks.
2025-03-10 12:52:43,293 :: discord.client :: INFO :: Cleaning up after 2 tasks.
2025-03-10 12:52:43,294 :: discord.client :: INFO :: All tasks finished cancelling.
2025-03-10 12:52:43,294 :: discord.client :: INFO :: Closing the event loop.
